// WARNING: This file is machine generated by fidlc.

#include <lib/fidl/internal.h>


extern const struct FidlCodedStruct bottom_FooTable;
extern const struct FidlCodedStruct middle_BarTable;
extern const struct FidlCodedStruct top_BazTable;



static const struct FidlStructField Fields7top_Baz[] = {
    /*FidlStructField*/{.type=(fidl_type_t*)(&middle_BarTable), .offset=0u, .padding=0u}
};
const struct FidlCodedStruct top_BazTable = {.tag=kFidlTypeStruct, .fields=Fields7top_Baz, .field_count=1u, .size=4u, .name="top/Baz"};

